// Jest Snapshot v1, https://goo.gl/fbAQLP

exports[`<Alert /> should match the snapshot 1`] = `
<DocumentFragment>
  <div
    class="ty-alert ty-alert_info"
    role="alert"
  >
    <div>
      Alert
    </div>
  </div>
</DocumentFragment>
`;
